Nothing to build in platform 'pynq_proj_platform'

15:57:53 **** Incremental Build of configuration Debug for project uart_comm ****
make all 
make --no-print-directory pre-build
a9-linaro-pre-build-step
 
make --no-print-directory main-build
Building file: ../src/helloworld.c
Invoking: ARM v7 gcc compiler
arm-none-eabi-gcc -Wall -O0 -g3 -c -fmessage-length=0 -MT"src/helloworld.o" -mcpu=cortex-a9 -mfpu=vfpv3 -mfloat-abi=hard -I/home/krunoslav/Xilinx/repos/vlsi/pynq_proj/pynq_proj_platform/export/pynq_proj_platform/sw/pynq_proj_platform/standalone_domain/bspinclude/include -MMD -MP -MF"src/helloworld.d" -MT"src/helloworld.o" -o "src/helloworld.o" "../src/helloworld.c"
Finished building: ../src/helloworld.c
 
Building target: uart_comm.elf
Invoking: ARM v7 gcc linker
arm-none-eabi-gcc -mcpu=cortex-a9 -mfpu=vfpv3 -mfloat-abi=hard -Wl,-build-id=none -specs=Xilinx.spec -Wl,-T -Wl,../src/lscript.ld -L/home/krunoslav/Xilinx/repos/vlsi/pynq_proj/pynq_proj_platform/export/pynq_proj_platform/sw/pynq_proj_platform/standalone_domain/bsplib/lib -o "uart_comm.elf"  ./src/helloworld.o ./src/platform.o   -Wl,--start-group,-lxil,-lgcc,-lc,--end-group
Finished building target: uart_comm.elf
 
Invoking: ARM v7 Print Size
arm-none-eabi-size uart_comm.elf  |tee "uart_comm.elf.size"
   text	   data	    bss	    dec	    hex	filename
  22085	   1144	  22568	  45797	   b2e5	uart_comm.elf
Finished building: uart_comm.elf.size
 
15:57:57 **** Incremental Build of configuration Debug for project uart_comm_system ****
make all 
Generating bif file for the system project
Executing command '::scw::generate_bif -xpfm /home/krunoslav/Xilinx/repos/vlsi/pynq_proj/pynq_proj_platform/export/pynq_proj_platform/pynq_proj_platform.xpfm -domains standalone_domain -bifpath /home/krunoslav/Xilinx/repos/vlsi/pynq_proj/uart_comm_system/Debug/system.bif' on XSCT
sdcard_gen --xpfm /home/krunoslav/Xilinx/repos/vlsi/pynq_proj/pynq_proj_platform/export/pynq_proj_platform/pynq_proj_platform.xpfm --sys_config pynq_proj_platform --bif /home/krunoslav/Xilinx/repos/vlsi/pynq_proj/uart_comm_system/Debug/system.bif --bitstream /home/krunoslav/Xilinx/repos/vlsi/pynq_proj/uart_comm/_ide/bitstream/design_1_wrapper.bit --elf /home/krunoslav/Xilinx/repos/vlsi/pynq_proj/uart_comm/Debug/uart_comm.elf,ps7_cortexa9_0
creating BOOT.BIN using /home/krunoslav/Xilinx/repos/vlsi/pynq_proj/uart_comm/_ide/bitstream/design_1_wrapper.bit
Running /home/krunoslav/Xilinx/Vitis/2022.1/bin/bootgen  -image /home/krunoslav/Xilinx/repos/vlsi/pynq_proj/uart_comm_system/Debug/sd_card_temp/boot.bif -w -o i BOOT.BIN
