15:57:53 **** Incremental Build of configuration Debug for project uart_comm ****
make all 
make --no-print-directory pre-build
a9-linaro-pre-build-step
 
make --no-print-directory main-build
Building file: ../src/helloworld.c
Invoking: ARM v7 gcc compiler
arm-none-eabi-gcc -Wall -O0 -g3 -c -fmessage-length=0 -MT"src/helloworld.o" -mcpu=cortex-a9 -mfpu=vfpv3 -mfloat-abi=hard -I/home/krunoslav/Xilinx/repos/vlsi/pynq_proj/pynq_proj_platform/export/pynq_proj_platform/sw/pynq_proj_platform/standalone_domain/bspinclude/include -MMD -MP -MF"src/helloworld.d" -MT"src/helloworld.o" -o "src/helloworld.o" "../src/helloworld.c"
Finished building: ../src/helloworld.c
 
Building target: uart_comm.elf
Invoking: ARM v7 gcc linker
arm-none-eabi-gcc -mcpu=cortex-a9 -mfpu=vfpv3 -mfloat-abi=hard -Wl,-build-id=none -specs=Xilinx.spec -Wl,-T -Wl,../src/lscript.ld -L/home/krunoslav/Xilinx/repos/vlsi/pynq_proj/pynq_proj_platform/export/pynq_proj_platform/sw/pynq_proj_platform/standalone_domain/bsplib/lib -o "uart_comm.elf"  ./src/helloworld.o ./src/platform.o   -Wl,--start-group,-lxil,-lgcc,-lc,--end-group
Finished building target: uart_comm.elf
 
Invoking: ARM v7 Print Size
arm-none-eabi-size uart_comm.elf  |tee "uart_comm.elf.size"
   text	   data	    bss	    dec	    hex	filename
  22085	   1144	  22568	  45797	   b2e5	uart_comm.elf
Finished building: uart_comm.elf.size
 

15:57:55 Build Finished (took 1s.385ms)

